[2025-12-01 14:20:59,905: INFO/MainProcess] Connected to redis://localhost:6379/0
[2025-12-01 14:20:59,912: INFO/MainProcess] mingle: searching for neighbors
[2025-12-01 14:21:00,951: INFO/MainProcess] mingle: all alone
[2025-12-01 14:21:00,968: INFO/MainProcess] celery@Mmadreza ready.
[2025-12-01 14:26:32,184: INFO/MainProcess] Task accounts.tasks.send_otp_email_async[5f55b155-8f2f-4b6a-bd8b-c62c70ee2062] received
[2025-12-01 14:26:56,080: INFO/MainProcess] Task accounts.tasks.send_otp_email_async[5f55b155-8f2f-4b6a-bd8b-c62c70ee2062] succeeded in 23.89515740000934s: None
[2025-12-01 14:27:39,865: INFO/MainProcess] Task accounts.tasks.send_otp_email_async[053fc450-d83f-4d40-bebe-e6c7932e167b] received
[2025-12-01 14:28:03,980: INFO/MainProcess] Task accounts.tasks.send_otp_email_async[053fc450-d83f-4d40-bebe-e6c7932e167b] succeeded in 24.11565750000591s: None
[2025-12-02 18:58:26,462: INFO/MainProcess] Connected to redis://localhost:6379/0
[2025-12-02 18:58:26,472: INFO/MainProcess] mingle: searching for neighbors
[2025-12-02 18:58:27,528: INFO/MainProcess] mingle: all alone
[2025-12-02 18:58:27,566: INFO/MainProcess] celery@Mmadreza ready.
[2025-12-03 16:01:15,697: INFO/MainProcess] Connected to redis://localhost:6379/0
[2025-12-03 16:01:15,705: INFO/MainProcess] mingle: searching for neighbors
[2025-12-03 16:01:16,787: INFO/MainProcess] mingle: all alone
[2025-12-03 16:01:16,821: INFO/MainProcess] celery@Mmadreza ready.
[2025-12-03 17:19:53,654: WARNING/MainProcess] consumer: Connection to broker lost. Trying to re-establish the connection...
Traceback (most recent call last):
  File "C:\Users\Mmadreza\OneDrive\Desktop\Programming\Python\django\project3\venv\Lib\site-packages\redis\connection.py", line 1133, in read_response
    response = self._parser.read_response(disable_decoding=disable_decoding)
  File "C:\Users\Mmadreza\OneDrive\Desktop\Programming\Python\django\project3\venv\Lib\site-packages\redis\_parsers\resp2.py", line 15, in read_response
    result = self._read_response(disable_decoding=disable_decoding)
  File "C:\Users\Mmadreza\OneDrive\Desktop\Programming\Python\django\project3\venv\Lib\site-packages\redis\_parsers\resp2.py", line 25, in _read_response
    raw = self._buffer.readline()
  File "C:\Users\Mmadreza\OneDrive\Desktop\Programming\Python\django\project3\venv\Lib\site-packages\redis\_parsers\socket.py", line 115, in readline
    self._read_from_socket()
    ~~~~~~~~~~~~~~~~~~~~~~^^
  File "C:\Users\Mmadreza\OneDrive\Desktop\Programming\Python\django\project3\venv\Lib\site-packages\redis\_parsers\socket.py", line 65, in _read_from_socket
    data = self._sock.recv(socket_read_size)
ConnectionResetError: [WinError 10054] An existing connection was forcibly closed by the remote host

During handling of the above exception, another exception occurred:

Traceback (most recent call last):
  File "C:\Users\Mmadreza\OneDrive\Desktop\Programming\Python\django\project3\venv\Lib\site-packages\celery\worker\consumer\consumer.py", line 341, in start
    blueprint.start(self)
    ~~~~~~~~~~~~~~~^^^^^^
  File "C:\Users\Mmadreza\OneDrive\Desktop\Programming\Python\django\project3\venv\Lib\site-packages\celery\bootsteps.py", line 116, in start
    step.start(parent)
    ~~~~~~~~~~^^^^^^^^
  File "C:\Users\Mmadreza\OneDrive\Desktop\Programming\Python\django\project3\venv\Lib\site-packages\celery\worker\consumer\consumer.py", line 772, in start
    c.loop(*c.loop_args())
    ~~~~~~^^^^^^^^^^^^^^^^
  File "C:\Users\Mmadreza\OneDrive\Desktop\Programming\Python\django\project3\venv\Lib\site-packages\celery\worker\loops.py", line 143, in synloop
    _loop_cycle()
    ~~~~~~~~~~~^^
  File "C:\Users\Mmadreza\OneDrive\Desktop\Programming\Python\django\project3\venv\Lib\site-packages\celery\worker\loops.py", line 132, in _loop_cycle
    connection.drain_events(timeout=2.0)
    ~~~~~~~~~~~~~~~~~~~~~~~^^^^^^^^^^^^^
  File "C:\Users\Mmadreza\OneDrive\Desktop\Programming\Python\django\project3\venv\Lib\site-packages\kombu\connection.py", line 341, in drain_events
    return self.transport.drain_events(self.connection, **kwargs)
           ~~~~~~~~~~~~~~~~~~~~~~~~~~~^^^^^^^^^^^^^^^^^^^^^^^^^^^
  File "C:\Users\Mmadreza\OneDrive\Desktop\Programming\Python\django\project3\venv\Lib\site-packages\kombu\transport\virtual\base.py", line 997, in drain_events
    get(self._deliver, timeout=timeout)
    ~~~^^^^^^^^^^^^^^^^^^^^^^^^^^^^^^^^
  File "C:\Users\Mmadreza\OneDrive\Desktop\Programming\Python\django\project3\venv\Lib\site-packages\kombu\transport\redis.py", line 598, in get
    ret = self.handle_event(fileno, event)
  File "C:\Users\Mmadreza\OneDrive\Desktop\Programming\Python\django\project3\venv\Lib\site-packages\kombu\transport\redis.py", line 580, in handle_event
    return self.on_readable(fileno), self
           ~~~~~~~~~~~~~~~~^^^^^^^^
  File "C:\Users\Mmadreza\OneDrive\Desktop\Programming\Python\django\project3\venv\Lib\site-packages\kombu\transport\redis.py", line 576, in on_readable
    chan.handlers[type]()
    ~~~~~~~~~~~~~~~~~~~^^
  File "C:\Users\Mmadreza\OneDrive\Desktop\Programming\Python\django\project3\venv\Lib\site-packages\kombu\transport\redis.py", line 974, in _brpop_read
    dest__item = self.client.parse_response(self.client.connection,
                                            'BRPOP',
                                            **options)
  File "C:\Users\Mmadreza\OneDrive\Desktop\Programming\Python\django\project3\venv\Lib\site-packages\redis\client.py", line 691, in parse_response
    response = connection.read_response()
  File "C:\Users\Mmadreza\OneDrive\Desktop\Programming\Python\django\project3\venv\Lib\site-packages\redis\connection.py", line 1141, in read_response
    raise ConnectionError(f"Error while reading from {host_error} : {e.args}")
redis.exceptions.ConnectionError: Error while reading from localhost:6379 : (10054, 'An existing connection was forcibly closed by the remote host', None, 10054, None)
[2025-12-03 17:19:58,131: WARNING/MainProcess] C:\Users\Mmadreza\OneDrive\Desktop\Programming\Python\django\project3\venv\Lib\site-packages\celery\worker\consumer\consumer.py:392: CPendingDeprecationWarning: 
In Celery 5.1 we introduced an optional breaking change which
on connection loss cancels all currently executed tasks with late acknowledgement enabled.
These tasks cannot be acknowledged as the connection is gone, and the tasks are automatically redelivered
back to the queue. You can enable this behavior using the worker_cancel_long_running_tasks_on_connection_loss
setting. In Celery 5.1 it is set to False by default. The setting will be set to True by default in Celery 6.0.

  warnings.warn(CANCEL_TASKS_BY_DEFAULT, CPendingDeprecationWarning)

[2025-12-03 17:20:59,667: INFO/MainProcess] Connected to redis://localhost:6379/0
[2025-12-03 17:20:59,674: INFO/MainProcess] mingle: searching for neighbors
[2025-12-03 17:21:00,708: INFO/MainProcess] mingle: all alone
[2025-12-03 17:21:00,740: INFO/MainProcess] celery@Mmadreza ready.
[2025-12-03 17:27:45,926: INFO/MainProcess] Connected to redis://localhost:6379/0
[2025-12-03 17:27:45,933: INFO/MainProcess] mingle: searching for neighbors
[2025-12-03 17:27:46,961: INFO/MainProcess] mingle: all alone
[2025-12-03 17:27:47,002: INFO/MainProcess] celery@Mmadreza ready.
[2025-12-03 17:44:20,648: INFO/MainProcess] Connected to redis://localhost:6379/0
[2025-12-03 17:44:20,650: INFO/MainProcess] mingle: searching for neighbors
[2025-12-03 17:44:21,672: INFO/MainProcess] mingle: all alone
[2025-12-03 17:44:21,687: INFO/MainProcess] celery@Mmadreza ready.
[2025-12-03 17:47:15,899: WARNING/MainProcess] consumer: Connection to broker lost. Trying to re-establish the connection...
Traceback (most recent call last):
  File "C:\Users\Mmadreza\OneDrive\Desktop\Programming\Python\django\project3\venv\Lib\site-packages\redis\connection.py", line 1133, in read_response
    response = self._parser.read_response(disable_decoding=disable_decoding)
  File "C:\Users\Mmadreza\OneDrive\Desktop\Programming\Python\django\project3\venv\Lib\site-packages\redis\_parsers\resp2.py", line 15, in read_response
    result = self._read_response(disable_decoding=disable_decoding)
  File "C:\Users\Mmadreza\OneDrive\Desktop\Programming\Python\django\project3\venv\Lib\site-packages\redis\_parsers\resp2.py", line 25, in _read_response
    raw = self._buffer.readline()
  File "C:\Users\Mmadreza\OneDrive\Desktop\Programming\Python\django\project3\venv\Lib\site-packages\redis\_parsers\socket.py", line 115, in readline
    self._read_from_socket()
    ~~~~~~~~~~~~~~~~~~~~~~^^
  File "C:\Users\Mmadreza\OneDrive\Desktop\Programming\Python\django\project3\venv\Lib\site-packages\redis\_parsers\socket.py", line 65, in _read_from_socket
    data = self._sock.recv(socket_read_size)
ConnectionResetError: [WinError 10054] An existing connection was forcibly closed by the remote host

During handling of the above exception, another exception occurred:

Traceback (most recent call last):
  File "C:\Users\Mmadreza\OneDrive\Desktop\Programming\Python\django\project3\venv\Lib\site-packages\celery\worker\consumer\consumer.py", line 341, in start
    blueprint.start(self)
    ~~~~~~~~~~~~~~~^^^^^^
  File "C:\Users\Mmadreza\OneDrive\Desktop\Programming\Python\django\project3\venv\Lib\site-packages\celery\bootsteps.py", line 116, in start
    step.start(parent)
    ~~~~~~~~~~^^^^^^^^
  File "C:\Users\Mmadreza\OneDrive\Desktop\Programming\Python\django\project3\venv\Lib\site-packages\celery\worker\consumer\consumer.py", line 772, in start
    c.loop(*c.loop_args())
    ~~~~~~^^^^^^^^^^^^^^^^
  File "C:\Users\Mmadreza\OneDrive\Desktop\Programming\Python\django\project3\venv\Lib\site-packages\celery\worker\loops.py", line 143, in synloop
    _loop_cycle()
    ~~~~~~~~~~~^^
  File "C:\Users\Mmadreza\OneDrive\Desktop\Programming\Python\django\project3\venv\Lib\site-packages\celery\worker\loops.py", line 132, in _loop_cycle
    connection.drain_events(timeout=2.0)
    ~~~~~~~~~~~~~~~~~~~~~~~^^^^^^^^^^^^^
  File "C:\Users\Mmadreza\OneDrive\Desktop\Programming\Python\django\project3\venv\Lib\site-packages\kombu\connection.py", line 341, in drain_events
    return self.transport.drain_events(self.connection, **kwargs)
           ~~~~~~~~~~~~~~~~~~~~~~~~~~~^^^^^^^^^^^^^^^^^^^^^^^^^^^
  File "C:\Users\Mmadreza\OneDrive\Desktop\Programming\Python\django\project3\venv\Lib\site-packages\kombu\transport\virtual\base.py", line 997, in drain_events
    get(self._deliver, timeout=timeout)
    ~~~^^^^^^^^^^^^^^^^^^^^^^^^^^^^^^^^
  File "C:\Users\Mmadreza\OneDrive\Desktop\Programming\Python\django\project3\venv\Lib\site-packages\kombu\transport\redis.py", line 598, in get
    ret = self.handle_event(fileno, event)
  File "C:\Users\Mmadreza\OneDrive\Desktop\Programming\Python\django\project3\venv\Lib\site-packages\kombu\transport\redis.py", line 580, in handle_event
    return self.on_readable(fileno), self
           ~~~~~~~~~~~~~~~~^^^^^^^^
  File "C:\Users\Mmadreza\OneDrive\Desktop\Programming\Python\django\project3\venv\Lib\site-packages\kombu\transport\redis.py", line 576, in on_readable
    chan.handlers[type]()
    ~~~~~~~~~~~~~~~~~~~^^
  File "C:\Users\Mmadreza\OneDrive\Desktop\Programming\Python\django\project3\venv\Lib\site-packages\kombu\transport\redis.py", line 974, in _brpop_read
    dest__item = self.client.parse_response(self.client.connection,
                                            'BRPOP',
                                            **options)
  File "C:\Users\Mmadreza\OneDrive\Desktop\Programming\Python\django\project3\venv\Lib\site-packages\redis\client.py", line 691, in parse_response
    response = connection.read_response()
  File "C:\Users\Mmadreza\OneDrive\Desktop\Programming\Python\django\project3\venv\Lib\site-packages\redis\connection.py", line 1141, in read_response
    raise ConnectionError(f"Error while reading from {host_error} : {e.args}")
redis.exceptions.ConnectionError: Error while reading from localhost:6379 : (10054, 'An existing connection was forcibly closed by the remote host', None, 10054, None)
[2025-12-03 17:47:20,157: WARNING/MainProcess] C:\Users\Mmadreza\OneDrive\Desktop\Programming\Python\django\project3\venv\Lib\site-packages\celery\worker\consumer\consumer.py:392: CPendingDeprecationWarning: 
In Celery 5.1 we introduced an optional breaking change which
on connection loss cancels all currently executed tasks with late acknowledgement enabled.
These tasks cannot be acknowledged as the connection is gone, and the tasks are automatically redelivered
back to the queue. You can enable this behavior using the worker_cancel_long_running_tasks_on_connection_loss
setting. In Celery 5.1 it is set to False by default. The setting will be set to True by default in Celery 6.0.

  warnings.warn(CANCEL_TASKS_BY_DEFAULT, CPendingDeprecationWarning)

[2025-12-03 17:48:19,961: INFO/MainProcess] Connected to redis://localhost:6379/0
[2025-12-03 17:48:19,969: INFO/MainProcess] mingle: searching for neighbors
[2025-12-03 17:48:20,991: INFO/MainProcess] mingle: all alone
[2025-12-03 17:48:21,005: INFO/MainProcess] celery@Mmadreza ready.
[2025-12-05 18:29:33,148: INFO/MainProcess] Connected to redis://localhost:6379/0
[2025-12-05 18:29:33,169: INFO/MainProcess] mingle: searching for neighbors
[2025-12-05 18:29:34,274: INFO/MainProcess] mingle: all alone
[2025-12-05 18:29:34,381: INFO/MainProcess] celery@Mmadreza ready.
[2025-12-05 20:26:01,441: INFO/MainProcess] Connected to redis://localhost:6379/0
[2025-12-05 20:26:01,446: INFO/MainProcess] mingle: searching for neighbors
[2025-12-05 20:26:02,545: INFO/MainProcess] mingle: all alone
[2025-12-05 20:26:02,555: INFO/MainProcess] celery@Mmadreza ready.
[2025-12-05 20:27:09,188: INFO/MainProcess] Connected to redis://localhost:6379/0
[2025-12-05 20:27:09,190: INFO/MainProcess] mingle: searching for neighbors
[2025-12-05 20:27:10,206: INFO/MainProcess] mingle: all alone
[2025-12-05 20:27:10,219: INFO/MainProcess] celery@Mmadreza ready.
[2025-12-06 14:36:32,485: INFO/MainProcess] Connected to redis://localhost:6379/0
[2025-12-06 14:36:32,493: INFO/MainProcess] mingle: searching for neighbors
[2025-12-06 14:36:33,527: INFO/MainProcess] mingle: all alone
[2025-12-06 14:36:33,562: INFO/MainProcess] celery@Mmadreza ready.
[2025-12-07 22:56:45,007: INFO/MainProcess] Connected to redis://localhost:6379/0
[2025-12-07 22:56:45,009: INFO/MainProcess] mingle: searching for neighbors
[2025-12-07 22:56:46,026: INFO/MainProcess] mingle: all alone
[2025-12-07 22:56:46,038: INFO/MainProcess] celery@Mmadreza ready.
[2025-12-09 02:46:39,343: INFO/MainProcess] Connected to redis://localhost:6379/0
[2025-12-09 02:46:39,348: INFO/MainProcess] mingle: searching for neighbors
[2025-12-09 02:46:40,358: INFO/MainProcess] mingle: all alone
[2025-12-09 02:46:40,367: INFO/MainProcess] celery@Mmadreza ready.
[2025-12-13 03:03:09,217: INFO/MainProcess] Connected to redis://localhost:6379/0
[2025-12-13 03:03:09,219: INFO/MainProcess] mingle: searching for neighbors
[2025-12-13 03:03:10,242: INFO/MainProcess] mingle: all alone
[2025-12-13 03:03:10,253: INFO/MainProcess] celery@Mmadreza ready.
[2025-12-13 03:03:57,660: INFO/MainProcess] Connected to redis://localhost:6379/0
[2025-12-13 03:03:57,662: INFO/MainProcess] mingle: searching for neighbors
[2025-12-13 03:03:58,678: INFO/MainProcess] mingle: all alone
[2025-12-13 03:03:58,687: INFO/MainProcess] celery@Mmadreza ready.
[2025-12-15 19:21:16,624: WARNING/MainProcess] consumer: Connection to broker lost. Trying to re-establish the connection...
Traceback (most recent call last):
  File "C:\Users\Mmadreza\OneDrive\Desktop\Programming\Python\django\project3\venv\Lib\site-packages\redis\connection.py", line 1133, in read_response
    response = self._parser.read_response(disable_decoding=disable_decoding)
  File "C:\Users\Mmadreza\OneDrive\Desktop\Programming\Python\django\project3\venv\Lib\site-packages\redis\_parsers\resp2.py", line 15, in read_response
    result = self._read_response(disable_decoding=disable_decoding)
  File "C:\Users\Mmadreza\OneDrive\Desktop\Programming\Python\django\project3\venv\Lib\site-packages\redis\_parsers\resp2.py", line 25, in _read_response
    raw = self._buffer.readline()
  File "C:\Users\Mmadreza\OneDrive\Desktop\Programming\Python\django\project3\venv\Lib\site-packages\redis\_parsers\socket.py", line 115, in readline
    self._read_from_socket()
    ~~~~~~~~~~~~~~~~~~~~~~^^
  File "C:\Users\Mmadreza\OneDrive\Desktop\Programming\Python\django\project3\venv\Lib\site-packages\redis\_parsers\socket.py", line 65, in _read_from_socket
    data = self._sock.recv(socket_read_size)
ConnectionResetError: [WinError 10054] An existing connection was forcibly closed by the remote host

During handling of the above exception, another exception occurred:

Traceback (most recent call last):
  File "C:\Users\Mmadreza\OneDrive\Desktop\Programming\Python\django\project3\venv\Lib\site-packages\celery\worker\consumer\consumer.py", line 341, in start
    blueprint.start(self)
    ~~~~~~~~~~~~~~~^^^^^^
  File "C:\Users\Mmadreza\OneDrive\Desktop\Programming\Python\django\project3\venv\Lib\site-packages\celery\bootsteps.py", line 116, in start
    step.start(parent)
    ~~~~~~~~~~^^^^^^^^
  File "C:\Users\Mmadreza\OneDrive\Desktop\Programming\Python\django\project3\venv\Lib\site-packages\celery\worker\consumer\consumer.py", line 772, in start
    c.loop(*c.loop_args())
    ~~~~~~^^^^^^^^^^^^^^^^
  File "C:\Users\Mmadreza\OneDrive\Desktop\Programming\Python\django\project3\venv\Lib\site-packages\celery\worker\loops.py", line 143, in synloop
    _loop_cycle()
    ~~~~~~~~~~~^^
  File "C:\Users\Mmadreza\OneDrive\Desktop\Programming\Python\django\project3\venv\Lib\site-packages\celery\worker\loops.py", line 132, in _loop_cycle
    connection.drain_events(timeout=2.0)
    ~~~~~~~~~~~~~~~~~~~~~~~^^^^^^^^^^^^^
  File "C:\Users\Mmadreza\OneDrive\Desktop\Programming\Python\django\project3\venv\Lib\site-packages\kombu\connection.py", line 341, in drain_events
    return self.transport.drain_events(self.connection, **kwargs)
           ~~~~~~~~~~~~~~~~~~~~~~~~~~~^^^^^^^^^^^^^^^^^^^^^^^^^^^
  File "C:\Users\Mmadreza\OneDrive\Desktop\Programming\Python\django\project3\venv\Lib\site-packages\kombu\transport\virtual\base.py", line 997, in drain_events
    get(self._deliver, timeout=timeout)
    ~~~^^^^^^^^^^^^^^^^^^^^^^^^^^^^^^^^
  File "C:\Users\Mmadreza\OneDrive\Desktop\Programming\Python\django\project3\venv\Lib\site-packages\kombu\transport\redis.py", line 598, in get
    ret = self.handle_event(fileno, event)
  File "C:\Users\Mmadreza\OneDrive\Desktop\Programming\Python\django\project3\venv\Lib\site-packages\kombu\transport\redis.py", line 580, in handle_event
    return self.on_readable(fileno), self
           ~~~~~~~~~~~~~~~~^^^^^^^^
  File "C:\Users\Mmadreza\OneDrive\Desktop\Programming\Python\django\project3\venv\Lib\site-packages\kombu\transport\redis.py", line 576, in on_readable
    chan.handlers[type]()
    ~~~~~~~~~~~~~~~~~~~^^
  File "C:\Users\Mmadreza\OneDrive\Desktop\Programming\Python\django\project3\venv\Lib\site-packages\kombu\transport\redis.py", line 974, in _brpop_read
    dest__item = self.client.parse_response(self.client.connection,
                                            'BRPOP',
                                            **options)
  File "C:\Users\Mmadreza\OneDrive\Desktop\Programming\Python\django\project3\venv\Lib\site-packages\redis\client.py", line 691, in parse_response
    response = connection.read_response()
  File "C:\Users\Mmadreza\OneDrive\Desktop\Programming\Python\django\project3\venv\Lib\site-packages\redis\connection.py", line 1141, in read_response
    raise ConnectionError(f"Error while reading from {host_error} : {e.args}")
redis.exceptions.ConnectionError: Error while reading from localhost:6379 : (10054, 'An existing connection was forcibly closed by the remote host', None, 10054, None)
[2025-12-15 19:21:21,004: WARNING/MainProcess] C:\Users\Mmadreza\OneDrive\Desktop\Programming\Python\django\project3\venv\Lib\site-packages\celery\worker\consumer\consumer.py:392: CPendingDeprecationWarning: 
In Celery 5.1 we introduced an optional breaking change which
on connection loss cancels all currently executed tasks with late acknowledgement enabled.
These tasks cannot be acknowledged as the connection is gone, and the tasks are automatically redelivered
back to the queue. You can enable this behavior using the worker_cancel_long_running_tasks_on_connection_loss
setting. In Celery 5.1 it is set to False by default. The setting will be set to True by default in Celery 6.0.

  warnings.warn(CANCEL_TASKS_BY_DEFAULT, CPendingDeprecationWarning)

[2025-12-17 01:17:41,670: INFO/MainProcess] Connected to redis://localhost:6379/0
[2025-12-17 01:17:41,674: INFO/MainProcess] mingle: searching for neighbors
[2025-12-17 01:17:42,697: INFO/MainProcess] mingle: all alone
[2025-12-17 01:17:42,708: INFO/MainProcess] celery@Mmadreza ready.
[2025-12-17 02:59:51,683: INFO/MainProcess] Connected to redis://localhost:6379/0
[2025-12-17 02:59:51,689: INFO/MainProcess] mingle: searching for neighbors
[2025-12-17 02:59:52,710: INFO/MainProcess] mingle: all alone
[2025-12-17 02:59:52,722: INFO/MainProcess] celery@Mmadreza ready.
