 
 -------------- celery@Mmadreza v5.5.3 (immunity)
--- ***** ----- 
-- ******* ---- Windows-11-10.0.26200-SP0 2025-12-01 14:20:59
- *** --- * --- 
- ** ---------- [config]
- ** ---------- .> app:         A:0x26778708c20
- ** ---------- .> transport:   redis://localhost:6379/0
- ** ---------- .> results:     redis://localhost:6379/0
- *** --- * --- .> concurrency: 20 (solo)
-- ******* ---- .> task events: OFF (enable -E to monitor tasks in this worker)
--- ***** ----- 
 -------------- [queues]
                .> default          exchange=default(direct) key=default
                

[tasks]
  . accounts.tasks.remove_expired_otp_codes
  . accounts.tasks.send_otp_email_async


worker: Hitting Ctrl+C again will initiate cold shutdown, terminating all running tasks!

worker: Warm shutdown (MainProcess)
 
 -------------- celery@Mmadreza v5.5.3 (immunity)
--- ***** ----- 
-- ******* ---- Windows-11-10.0.26200-SP0 2025-12-02 18:58:26
- *** --- * --- 
- ** ---------- [config]
- ** ---------- .> app:         A:0x126360a8c20
- ** ---------- .> transport:   redis://localhost:6379/0
- ** ---------- .> results:     redis://localhost:6379/0
- *** --- * --- .> concurrency: 20 (solo)
-- ******* ---- .> task events: OFF (enable -E to monitor tasks in this worker)
--- ***** ----- 
 -------------- [queues]
                .> default          exchange=default(direct) key=default
                

[tasks]
  . accounts.tasks.remove_expired_otp_codes
  . accounts.tasks.send_otp_email_async


worker: Hitting Ctrl+C again will initiate cold shutdown, terminating all running tasks!

worker: Warm shutdown (MainProcess)
 
 -------------- celery@Mmadreza v5.5.3 (immunity)
--- ***** ----- 
-- ******* ---- Windows-11-10.0.26200-SP0 2025-12-03 16:01:15
- *** --- * --- 
- ** ---------- [config]
- ** ---------- .> app:         A:0x19c53a08c20
- ** ---------- .> transport:   redis://localhost:6379/0
- ** ---------- .> results:     redis://localhost:6379/0
- *** --- * --- .> concurrency: 20 (solo)
-- ******* ---- .> task events: OFF (enable -E to monitor tasks in this worker)
--- ***** ----- 
 -------------- [queues]
                .> default          exchange=default(direct) key=default
                

[tasks]
  . accounts.tasks.remove_expired_otp_codes
  . accounts.tasks.send_otp_email_async


worker: Hitting Ctrl+C again will initiate cold shutdown, terminating all running tasks!

worker: Warm shutdown (MainProcess)
 
 -------------- celery@Mmadreza v5.5.3 (immunity)
--- ***** ----- 
-- ******* ---- Windows-11-10.0.26200-SP0 2025-12-03 17:20:59
- *** --- * --- 
- ** ---------- [config]
- ** ---------- .> app:         A:0x256f68b8c20
- ** ---------- .> transport:   redis://localhost:6379/0
- ** ---------- .> results:     redis://localhost:6379/0
- *** --- * --- .> concurrency: 20 (solo)
-- ******* ---- .> task events: OFF (enable -E to monitor tasks in this worker)
--- ***** ----- 
 -------------- [queues]
                .> default          exchange=default(direct) key=default
                

[tasks]
  . accounts.tasks.remove_expired_otp_codes
  . accounts.tasks.send_otp_email_async


worker: Hitting Ctrl+C again will initiate cold shutdown, terminating all running tasks!

worker: Warm shutdown (MainProcess)
 
 -------------- celery@Mmadreza v5.5.3 (immunity)
--- ***** ----- 
-- ******* ---- Windows-11-10.0.26200-SP0 2025-12-03 17:27:45
- *** --- * --- 
- ** ---------- [config]
- ** ---------- .> app:         A:0x1c6b1e28c20
- ** ---------- .> transport:   redis://localhost:6379/0
- ** ---------- .> results:     redis://localhost:6379/0
- *** --- * --- .> concurrency: 20 (solo)
-- ******* ---- .> task events: OFF (enable -E to monitor tasks in this worker)
--- ***** ----- 
 -------------- [queues]
                .> default          exchange=default(direct) key=default
                

[tasks]
  . accounts.tasks.remove_expired_otp_codes
  . accounts.tasks.send_otp_email_async


worker: Hitting Ctrl+C again will initiate cold shutdown, terminating all running tasks!

worker: Warm shutdown (MainProcess)
 
 -------------- celery@Mmadreza v5.5.3 (immunity)
--- ***** ----- 
-- ******* ---- Windows-11-10.0.26200-SP0 2025-12-03 17:44:20
- *** --- * --- 
- ** ---------- [config]
- ** ---------- .> app:         A:0x201431b8c20
- ** ---------- .> transport:   redis://localhost:6379/0
- ** ---------- .> results:     redis://localhost:6379/0
- *** --- * --- .> concurrency: 20 (solo)
-- ******* ---- .> task events: OFF (enable -E to monitor tasks in this worker)
--- ***** ----- 
 -------------- [queues]
                .> default          exchange=default(direct) key=default
                

[tasks]
  . accounts.tasks.remove_expired_otp_codes
  . accounts.tasks.send_otp_email_async


worker: Hitting Ctrl+C again will initiate cold shutdown, terminating all running tasks!

worker: Warm shutdown (MainProcess)
 
 -------------- celery@Mmadreza v5.5.3 (immunity)
--- ***** ----- 
-- ******* ---- Windows-11-10.0.26200-SP0 2025-12-03 17:48:19
- *** --- * --- 
- ** ---------- [config]
- ** ---------- .> app:         A:0x223549c8c20
- ** ---------- .> transport:   redis://localhost:6379/0
- ** ---------- .> results:     redis://localhost:6379/0
- *** --- * --- .> concurrency: 20 (solo)
-- ******* ---- .> task events: OFF (enable -E to monitor tasks in this worker)
--- ***** ----- 
 -------------- [queues]
                .> default          exchange=default(direct) key=default
                

[tasks]
  . accounts.tasks.remove_expired_otp_codes
  . accounts.tasks.send_otp_email_async


worker: Hitting Ctrl+C again will initiate cold shutdown, terminating all running tasks!

worker: Warm shutdown (MainProcess)
 
 -------------- celery@Mmadreza v5.5.3 (immunity)
--- ***** ----- 
-- ******* ---- Windows-11-10.0.26200-SP0 2025-12-05 18:29:32
- *** --- * --- 
- ** ---------- [config]
- ** ---------- .> app:         A:0x221c83f8ad0
- ** ---------- .> transport:   redis://localhost:6379/0
- ** ---------- .> results:     redis://localhost:6379/0
- *** --- * --- .> concurrency: 20 (solo)
-- ******* ---- .> task events: OFF (enable -E to monitor tasks in this worker)
--- ***** ----- 
 -------------- [queues]
                .> default          exchange=default(direct) key=default
                

[tasks]
  . accounts.tasks.remove_expired_otp_codes
  . accounts.tasks.send_otp_email_async


worker: Hitting Ctrl+C again will initiate cold shutdown, terminating all running tasks!

worker: Warm shutdown (MainProcess)
 
 -------------- celery@Mmadreza v5.5.3 (immunity)
--- ***** ----- 
-- ******* ---- Windows-11-10.0.26200-SP0 2025-12-05 20:26:01
- *** --- * --- 
- ** ---------- [config]
- ** ---------- .> app:         A:0x2774d718c20
- ** ---------- .> transport:   redis://localhost:6379/0
- ** ---------- .> results:     redis://localhost:6379/0
- *** --- * --- .> concurrency: 20 (solo)
-- ******* ---- .> task events: OFF (enable -E to monitor tasks in this worker)
--- ***** ----- 
 -------------- [queues]
                .> default          exchange=default(direct) key=default
                

[tasks]
  . accounts.tasks.remove_expired_otp_codes
  . accounts.tasks.send_otp_email_async


worker: Hitting Ctrl+C again will initiate cold shutdown, terminating all running tasks!

worker: Warm shutdown (MainProcess)
 
 -------------- celery@Mmadreza v5.5.3 (immunity)
--- ***** ----- 
-- ******* ---- Windows-11-10.0.26200-SP0 2025-12-05 20:27:09
- *** --- * --- 
- ** ---------- [config]
- ** ---------- .> app:         A:0x1834c6d8c20
- ** ---------- .> transport:   redis://localhost:6379/0
- ** ---------- .> results:     redis://localhost:6379/0
- *** --- * --- .> concurrency: 20 (solo)
-- ******* ---- .> task events: OFF (enable -E to monitor tasks in this worker)
--- ***** ----- 
 -------------- [queues]
                .> default          exchange=default(direct) key=default
                

[tasks]
  . accounts.tasks.remove_expired_otp_codes
  . accounts.tasks.send_otp_email_async


worker: Hitting Ctrl+C again will initiate cold shutdown, terminating all running tasks!

worker: Warm shutdown (MainProcess)
 
 -------------- celery@Mmadreza v5.5.3 (immunity)
--- ***** ----- 
-- ******* ---- Windows-11-10.0.26200-SP0 2025-12-06 14:36:32
- *** --- * --- 
- ** ---------- [config]
- ** ---------- .> app:         A:0x26369ae8c20
- ** ---------- .> transport:   redis://localhost:6379/0
- ** ---------- .> results:     redis://localhost:6379/0
- *** --- * --- .> concurrency: 20 (solo)
-- ******* ---- .> task events: OFF (enable -E to monitor tasks in this worker)
--- ***** ----- 
 -------------- [queues]
                .> default          exchange=default(direct) key=default
                

[tasks]
  . accounts.tasks.remove_expired_otp_codes
  . accounts.tasks.send_otp_email_async


worker: Hitting Ctrl+C again will initiate cold shutdown, terminating all running tasks!

worker: Warm shutdown (MainProcess)
 
 -------------- celery@Mmadreza v5.5.3 (immunity)
--- ***** ----- 
-- ******* ---- Windows-11-10.0.26200-SP0 2025-12-07 22:56:44
- *** --- * --- 
- ** ---------- [config]
- ** ---------- .> app:         A:0x242beca8c20
- ** ---------- .> transport:   redis://localhost:6379/0
- ** ---------- .> results:     redis://localhost:6379/0
- *** --- * --- .> concurrency: 20 (solo)
-- ******* ---- .> task events: OFF (enable -E to monitor tasks in this worker)
--- ***** ----- 
 -------------- [queues]
                .> default          exchange=default(direct) key=default
                

[tasks]
  . accounts.tasks.remove_expired_otp_codes
  . accounts.tasks.send_otp_email_async


worker: Hitting Ctrl+C again will initiate cold shutdown, terminating all running tasks!

worker: Warm shutdown (MainProcess)
 
 -------------- celery@Mmadreza v5.5.3 (immunity)
--- ***** ----- 
-- ******* ---- Windows-11-10.0.26200-SP0 2025-12-09 02:46:39
- *** --- * --- 
- ** ---------- [config]
- ** ---------- .> app:         A:0x28a5cda8c20
- ** ---------- .> transport:   redis://localhost:6379/0
- ** ---------- .> results:     redis://localhost:6379/0
- *** --- * --- .> concurrency: 20 (solo)
-- ******* ---- .> task events: OFF (enable -E to monitor tasks in this worker)
--- ***** ----- 
 -------------- [queues]
                .> default          exchange=default(direct) key=default
                

[tasks]
  . accounts.tasks.remove_expired_otp_codes
  . accounts.tasks.send_otp_email_async


worker: Hitting Ctrl+C again will initiate cold shutdown, terminating all running tasks!

worker: Warm shutdown (MainProcess)
 
 -------------- celery@Mmadreza v5.5.3 (immunity)
--- ***** ----- 
-- ******* ---- Windows-11-10.0.26200-SP0 2025-12-13 03:03:09
- *** --- * --- 
- ** ---------- [config]
- ** ---------- .> app:         A:0x15f674f8c20
- ** ---------- .> transport:   redis://localhost:6379/0
- ** ---------- .> results:     redis://localhost:6379/0
- *** --- * --- .> concurrency: 20 (solo)
-- ******* ---- .> task events: OFF (enable -E to monitor tasks in this worker)
--- ***** ----- 
 -------------- [queues]
                .> default          exchange=default(direct) key=default
                

[tasks]
  . accounts.tasks.remove_expired_otp_codes
  . accounts.tasks.send_otp_email_async


worker: Hitting Ctrl+C again will initiate cold shutdown, terminating all running tasks!

worker: Warm shutdown (MainProcess)
 
 -------------- celery@Mmadreza v5.5.3 (immunity)
--- ***** ----- 
-- ******* ---- Windows-11-10.0.26200-SP0 2025-12-13 03:03:57
- *** --- * --- 
- ** ---------- [config]
- ** ---------- .> app:         A:0x1c89747cc20
- ** ---------- .> transport:   redis://localhost:6379/0
- ** ---------- .> results:     redis://localhost:6379/0
- *** --- * --- .> concurrency: 20 (solo)
-- ******* ---- .> task events: OFF (enable -E to monitor tasks in this worker)
--- ***** ----- 
 -------------- [queues]
                .> default          exchange=default(direct) key=default
                

[tasks]
  . accounts.tasks.remove_expired_otp_codes
  . accounts.tasks.send_otp_email_async


worker: Hitting Ctrl+C again will initiate cold shutdown, terminating all running tasks!

worker: Warm shutdown (MainProcess)
 
 -------------- celery@Mmadreza v5.5.3 (immunity)
--- ***** ----- 
-- ******* ---- Windows-11-10.0.26200-SP0 2025-12-17 01:17:40
- *** --- * --- 
- ** ---------- [config]
- ** ---------- .> app:         A:0x223b52ccc20
- ** ---------- .> transport:   redis://localhost:6379/0
- ** ---------- .> results:     redis://localhost:6379/0
- *** --- * --- .> concurrency: 20 (solo)
-- ******* ---- .> task events: OFF (enable -E to monitor tasks in this worker)
--- ***** ----- 
 -------------- [queues]
                .> default          exchange=default(direct) key=default
                

[tasks]
  . accounts.tasks.remove_expired_otp_codes
  . accounts.tasks.send_otp_email_async


worker: Hitting Ctrl+C again will initiate cold shutdown, terminating all running tasks!

worker: Warm shutdown (MainProcess)
 
 -------------- celery@Mmadreza v5.5.3 (immunity)
--- ***** ----- 
-- ******* ---- Windows-11-10.0.26200-SP0 2025-12-17 02:59:51
- *** --- * --- 
- ** ---------- [config]
- ** ---------- .> app:         A:0x2164efc8c20
- ** ---------- .> transport:   redis://localhost:6379/0
- ** ---------- .> results:     redis://localhost:6379/0
- *** --- * --- .> concurrency: 20 (solo)
-- ******* ---- .> task events: OFF (enable -E to monitor tasks in this worker)
--- ***** ----- 
 -------------- [queues]
                .> default          exchange=default(direct) key=default
                

[tasks]
  . accounts.tasks.remove_expired_otp_codes
  . accounts.tasks.send_otp_email_async

