1858:C 06 Jan 2026 19:39:07.533 * oO0OoO0OoO0Oo Redis is starting oO0OoO0OoO0Oo
1858:C 06 Jan 2026 19:39:07.534 * Redis version=8.2.3, bits=64, commit=2e81e005, modified=0, pid=1858, just started
1858:C 06 Jan 2026 19:39:07.534 # Warning: no config file specified, using the default config. In order to specify a config file use /Redis-8.2.3-Windows-x64-cygwin/redis-server /path/to/redis.conf
1858:M 06 Jan 2026 19:39:07.536 # You requested maxclients of 10000 requiring at least 10032 max file descriptors.
1858:M 06 Jan 2026 19:39:07.536 # Server can't set maximum open files to 10032 because of OS error: Operation not permitted.
1858:M 06 Jan 2026 19:39:07.536 # Current maximum open files is 3200. maxclients has been reduced to 3168 to compensate for low ulimit. If you need higher maxclients increase 'ulimit -n'.
1858:M 06 Jan 2026 19:39:07.536 * monotonic clock: POSIX clock_gettime
1858:M 06 Jan 2026 19:39:07.536 * Running mode=standalone, port=6379.
1858:M 06 Jan 2026 19:39:07.539 * Server initialized
1858:M 06 Jan 2026 19:39:07.539 * Loading RDB produced by version 8.2.3
1858:M 06 Jan 2026 19:39:07.539 * RDB age 3059 seconds
1858:M 06 Jan 2026 19:39:07.539 * RDB memory usage when created 0.96 Mb
1858:M 06 Jan 2026 19:39:07.539 * Done loading RDB, keys loaded: 4, keys expired: 0.
1858:M 06 Jan 2026 19:39:07.539 * DB loaded from disk: 0.000 seconds
1858:M 06 Jan 2026 19:39:07.539 * Ready to accept connections tcp
1858:M 06 Jan 2026 20:02:08.914 * 100 changes in 300 seconds. Saving...
1858:M 06 Jan 2026 20:02:08.927 * Background saving started by pid 1859
1859:C 06 Jan 2026 20:02:08.933 * DB saved on disk
1859:C 06 Jan 2026 20:02:08.933 * Fork CoW for RDB: current 0 MB, peak 0 MB, average 0 MB
1858:M 06 Jan 2026 20:02:09.044 * Background saving terminated with success
1858:M 06 Jan 2026 20:07:10.011 * 100 changes in 300 seconds. Saving...
1858:M 06 Jan 2026 20:07:10.023 * Background saving started by pid 1860
1860:C 06 Jan 2026 20:07:10.032 * DB saved on disk
1860:C 06 Jan 2026 20:07:10.032 * Fork CoW for RDB: current 0 MB, peak 0 MB, average 0 MB
1858:M 06 Jan 2026 20:07:10.130 * Background saving terminated with success
1858:M 06 Jan 2026 20:12:11.091 * 100 changes in 300 seconds. Saving...
1858:M 06 Jan 2026 20:12:11.105 * Background saving started by pid 1861
1861:C 06 Jan 2026 20:12:11.112 * DB saved on disk
1861:C 06 Jan 2026 20:12:11.112 * Fork CoW for RDB: current 0 MB, peak 0 MB, average 0 MB
1858:M 06 Jan 2026 20:12:11.219 * Background saving terminated with success
1858:M 06 Jan 2026 20:17:12.092 * 100 changes in 300 seconds. Saving...
1858:M 06 Jan 2026 20:17:12.105 * Background saving started by pid 1862
1862:C 06 Jan 2026 20:17:12.114 * DB saved on disk
1862:C 06 Jan 2026 20:17:12.114 * Fork CoW for RDB: current 0 MB, peak 0 MB, average 0 MB
1858:M 06 Jan 2026 20:17:12.219 * Background saving terminated with success
1858:M 06 Jan 2026 20:22:13.035 * 100 changes in 300 seconds. Saving...
1858:M 06 Jan 2026 20:22:13.049 * Background saving started by pid 1863
1863:C 06 Jan 2026 20:22:13.055 * DB saved on disk
1863:C 06 Jan 2026 20:22:13.055 * Fork CoW for RDB: current 0 MB, peak 0 MB, average 0 MB
1858:M 06 Jan 2026 20:22:13.163 * Background saving terminated with success
1858:M 06 Jan 2026 20:27:14.094 * 100 changes in 300 seconds. Saving...
1858:M 06 Jan 2026 20:27:14.109 * Background saving started by pid 1864
1864:C 06 Jan 2026 20:27:14.117 * DB saved on disk
1864:C 06 Jan 2026 20:27:14.117 * Fork CoW for RDB: current 0 MB, peak 0 MB, average 0 MB
1858:M 06 Jan 2026 20:27:14.222 * Background saving terminated with success
1858:M 06 Jan 2026 20:32:15.008 * 100 changes in 300 seconds. Saving...
1858:M 06 Jan 2026 20:32:15.021 * Background saving started by pid 1865
1865:C 06 Jan 2026 20:32:15.027 * DB saved on disk
1865:C 06 Jan 2026 20:32:15.027 * Fork CoW for RDB: current 0 MB, peak 0 MB, average 0 MB
1858:M 06 Jan 2026 20:32:15.134 * Background saving terminated with success
1858:M 06 Jan 2026 20:37:16.109 * 100 changes in 300 seconds. Saving...
1858:M 06 Jan 2026 20:37:16.127 * Background saving started by pid 1866
1866:C 06 Jan 2026 20:37:16.136 * DB saved on disk
1866:C 06 Jan 2026 20:37:16.136 * Fork CoW for RDB: current 0 MB, peak 0 MB, average 0 MB
1858:M 06 Jan 2026 20:37:16.237 * Background saving terminated with success
1858:M 06 Jan 2026 20:42:17.059 * 100 changes in 300 seconds. Saving...
1858:M 06 Jan 2026 20:42:17.072 * Background saving started by pid 1867
1867:C 06 Jan 2026 20:42:17.083 * DB saved on disk
1867:C 06 Jan 2026 20:42:17.083 * Fork CoW for RDB: current 0 MB, peak 0 MB, average 0 MB
1858:M 06 Jan 2026 20:42:17.186 * Background saving terminated with success
1858:M 06 Jan 2026 20:47:18.021 * 100 changes in 300 seconds. Saving...
1858:M 06 Jan 2026 20:47:18.032 * Background saving started by pid 1868
1868:C 06 Jan 2026 20:47:18.043 * DB saved on disk
1868:C 06 Jan 2026 20:47:18.043 * Fork CoW for RDB: current 0 MB, peak 0 MB, average 0 MB
1858:M 06 Jan 2026 20:47:18.148 * Background saving terminated with success
1858:M 06 Jan 2026 20:52:19.068 * 100 changes in 300 seconds. Saving...
1858:M 06 Jan 2026 20:52:19.081 * Background saving started by pid 1869
1869:C 06 Jan 2026 20:52:19.090 * DB saved on disk
1869:C 06 Jan 2026 20:52:19.090 * Fork CoW for RDB: current 0 MB, peak 0 MB, average 0 MB
1858:M 06 Jan 2026 20:52:19.196 * Background saving terminated with success
1858:M 06 Jan 2026 20:57:20.052 * 100 changes in 300 seconds. Saving...
1858:M 06 Jan 2026 20:57:20.064 * Background saving started by pid 1870
1870:C 06 Jan 2026 20:57:20.074 * DB saved on disk
1870:C 06 Jan 2026 20:57:20.074 * Fork CoW for RDB: current 0 MB, peak 0 MB, average 0 MB
1858:M 06 Jan 2026 20:57:20.180 * Background saving terminated with success
1858:M 06 Jan 2026 21:02:21.090 * 100 changes in 300 seconds. Saving...
1858:M 06 Jan 2026 21:02:21.103 * Background saving started by pid 1871
1871:C 06 Jan 2026 21:02:21.114 * DB saved on disk
1871:C 06 Jan 2026 21:02:21.114 * Fork CoW for RDB: current 0 MB, peak 0 MB, average 0 MB
1858:M 06 Jan 2026 21:02:21.219 * Background saving terminated with success
1858:M 06 Jan 2026 21:07:22.081 * 100 changes in 300 seconds. Saving...
1858:M 06 Jan 2026 21:07:22.094 * Background saving started by pid 1872
1872:C 06 Jan 2026 21:07:22.108 * DB saved on disk
1872:C 06 Jan 2026 21:07:22.108 * Fork CoW for RDB: current 0 MB, peak 0 MB, average 0 MB
1858:M 06 Jan 2026 21:07:22.210 * Background saving terminated with success
1858:M 06 Jan 2026 21:12:23.036 * 100 changes in 300 seconds. Saving...
1858:M 06 Jan 2026 21:12:23.046 * Background saving started by pid 1873
1873:C 06 Jan 2026 21:12:23.058 * DB saved on disk
1873:C 06 Jan 2026 21:12:23.058 * Fork CoW for RDB: current 0 MB, peak 0 MB, average 0 MB
1858:M 06 Jan 2026 21:12:23.148 * Background saving terminated with success
1858:M 06 Jan 2026 21:17:24.028 * 100 changes in 300 seconds. Saving...
1858:M 06 Jan 2026 21:17:24.039 * Background saving started by pid 1874
1874:C 06 Jan 2026 21:17:24.049 * DB saved on disk
1874:C 06 Jan 2026 21:17:24.049 * Fork CoW for RDB: current 0 MB, peak 0 MB, average 0 MB
1858:M 06 Jan 2026 21:17:24.140 * Background saving terminated with success
1858:M 06 Jan 2026 21:22:25.035 * 100 changes in 300 seconds. Saving...
1858:M 06 Jan 2026 21:22:25.047 * Background saving started by pid 1875
1875:C 06 Jan 2026 21:22:25.057 * DB saved on disk
1875:C 06 Jan 2026 21:22:25.057 * Fork CoW for RDB: current 0 MB, peak 0 MB, average 0 MB
1858:M 06 Jan 2026 21:22:25.164 * Background saving terminated with success
1858:M 06 Jan 2026 21:27:26.104 * 100 changes in 300 seconds. Saving...
1858:M 06 Jan 2026 21:27:26.118 * Background saving started by pid 1876
1876:C 06 Jan 2026 21:27:26.127 * DB saved on disk
1876:C 06 Jan 2026 21:27:26.127 * Fork CoW for RDB: current 0 MB, peak 0 MB, average 0 MB
1858:M 06 Jan 2026 21:27:26.232 * Background saving terminated with success
1858:M 06 Jan 2026 21:32:27.015 * 100 changes in 300 seconds. Saving...
1858:M 06 Jan 2026 21:32:27.028 * Background saving started by pid 1877
1877:C 06 Jan 2026 21:32:27.040 * DB saved on disk
1877:C 06 Jan 2026 21:32:27.040 * Fork CoW for RDB: current 0 MB, peak 0 MB, average 0 MB
1858:M 06 Jan 2026 21:32:27.175 * Background saving terminated with success
1858:M 06 Jan 2026 21:37:28.006 * 100 changes in 300 seconds. Saving...
1858:M 06 Jan 2026 21:37:28.018 * Background saving started by pid 1878
1878:C 06 Jan 2026 21:37:28.029 * DB saved on disk
1878:C 06 Jan 2026 21:37:28.029 * Fork CoW for RDB: current 0 MB, peak 0 MB, average 0 MB
1858:M 06 Jan 2026 21:37:28.121 * Background saving terminated with success
1858:M 06 Jan 2026 21:42:29.016 * 100 changes in 300 seconds. Saving...
1858:M 06 Jan 2026 21:42:29.029 * Background saving started by pid 1879
1879:C 06 Jan 2026 21:42:29.039 * DB saved on disk
1879:C 06 Jan 2026 21:42:29.039 * Fork CoW for RDB: current 0 MB, peak 0 MB, average 0 MB
1858:M 06 Jan 2026 21:42:29.145 * Background saving terminated with success
1858:M 06 Jan 2026 21:47:30.023 * 100 changes in 300 seconds. Saving...
1858:M 06 Jan 2026 21:47:30.037 * Background saving started by pid 1880
1880:C 06 Jan 2026 21:47:30.047 * DB saved on disk
1880:C 06 Jan 2026 21:47:30.047 * Fork CoW for RDB: current 0 MB, peak 0 MB, average 0 MB
1858:M 06 Jan 2026 21:47:30.150 * Background saving terminated with success
1858:M 06 Jan 2026 21:52:31.033 * 100 changes in 300 seconds. Saving...
1858:M 06 Jan 2026 21:52:31.046 * Background saving started by pid 1881
1881:C 06 Jan 2026 21:52:31.058 * DB saved on disk
1881:C 06 Jan 2026 21:52:31.058 * Fork CoW for RDB: current 0 MB, peak 0 MB, average 0 MB
1858:M 06 Jan 2026 21:52:31.161 * Background saving terminated with success
1858:M 06 Jan 2026 21:57:32.007 * 100 changes in 300 seconds. Saving...
1858:M 06 Jan 2026 21:57:32.020 * Background saving started by pid 1882
1882:C 06 Jan 2026 21:57:32.031 * DB saved on disk
1882:C 06 Jan 2026 21:57:32.031 * Fork CoW for RDB: current 0 MB, peak 0 MB, average 0 MB
1858:M 06 Jan 2026 21:57:32.135 * Background saving terminated with success
1858:M 06 Jan 2026 22:02:33.076 * 100 changes in 300 seconds. Saving...
1858:M 06 Jan 2026 22:02:33.088 * Background saving started by pid 1883
1883:C 06 Jan 2026 22:02:33.097 * DB saved on disk
1883:C 06 Jan 2026 22:02:33.097 * Fork CoW for RDB: current 0 MB, peak 0 MB, average 0 MB
1858:M 06 Jan 2026 22:02:33.188 * Background saving terminated with success
1858:M 06 Jan 2026 22:07:34.042 * 100 changes in 300 seconds. Saving...
1858:M 06 Jan 2026 22:07:34.053 * Background saving started by pid 1884
1884:C 06 Jan 2026 22:07:34.062 * DB saved on disk
1884:C 06 Jan 2026 22:07:34.062 * Fork CoW for RDB: current 0 MB, peak 0 MB, average 0 MB
1858:M 06 Jan 2026 22:07:34.154 * Background saving terminated with success
1858:M 06 Jan 2026 22:12:35.008 * 100 changes in 300 seconds. Saving...
1858:M 06 Jan 2026 22:12:35.021 * Background saving started by pid 1885
1885:C 06 Jan 2026 22:12:35.029 * DB saved on disk
1885:C 06 Jan 2026 22:12:35.029 * Fork CoW for RDB: current 0 MB, peak 0 MB, average 0 MB
1858:M 06 Jan 2026 22:12:35.135 * Background saving terminated with success
1858:M 06 Jan 2026 22:17:36.048 * 100 changes in 300 seconds. Saving...
1858:M 06 Jan 2026 22:17:36.060 * Background saving started by pid 1886
1886:C 06 Jan 2026 22:17:36.071 * DB saved on disk
1886:C 06 Jan 2026 22:17:36.071 * Fork CoW for RDB: current 0 MB, peak 0 MB, average 0 MB
1858:M 06 Jan 2026 22:17:36.162 * Background saving terminated with success
1858:M 06 Jan 2026 22:22:37.102 * 100 changes in 300 seconds. Saving...
1858:M 06 Jan 2026 22:22:37.120 * Background saving started by pid 1887
1887:C 06 Jan 2026 22:22:37.128 * DB saved on disk
1887:C 06 Jan 2026 22:22:37.128 * Fork CoW for RDB: current 0 MB, peak 0 MB, average 0 MB
1858:M 06 Jan 2026 22:22:37.229 * Background saving terminated with success
1858:M 06 Jan 2026 22:27:38.011 * 100 changes in 300 seconds. Saving...
1858:M 06 Jan 2026 22:27:38.023 * Background saving started by pid 1888
1888:C 06 Jan 2026 22:27:38.036 * DB saved on disk
1888:C 06 Jan 2026 22:27:38.036 * Fork CoW for RDB: current 0 MB, peak 0 MB, average 0 MB
1858:M 06 Jan 2026 22:27:38.139 * Background saving terminated with success
1858:M 06 Jan 2026 22:32:39.064 * 100 changes in 300 seconds. Saving...
1858:M 06 Jan 2026 22:32:39.078 * Background saving started by pid 1889
1889:C 06 Jan 2026 22:32:39.091 * DB saved on disk
1889:C 06 Jan 2026 22:32:39.091 * Fork CoW for RDB: current 0 MB, peak 0 MB, average 0 MB
1858:M 06 Jan 2026 22:32:39.193 * Background saving terminated with success
1858:M 06 Jan 2026 22:37:40.088 * 100 changes in 300 seconds. Saving...
1858:M 06 Jan 2026 22:37:40.099 * Background saving started by pid 1890
1890:C 06 Jan 2026 22:37:40.114 * DB saved on disk
1890:C 06 Jan 2026 22:37:40.114 * Fork CoW for RDB: current 0 MB, peak 0 MB, average 0 MB
1858:M 06 Jan 2026 22:37:40.199 * Background saving terminated with success
1858:M 06 Jan 2026 22:42:41.023 * 100 changes in 300 seconds. Saving...
1858:M 06 Jan 2026 22:42:41.035 * Background saving started by pid 1891
1891:C 06 Jan 2026 22:42:41.049 * DB saved on disk
1891:C 06 Jan 2026 22:42:41.049 * Fork CoW for RDB: current 0 MB, peak 0 MB, average 0 MB
1858:M 06 Jan 2026 22:42:41.151 * Background saving terminated with success
1858:M 06 Jan 2026 22:47:42.050 * 100 changes in 300 seconds. Saving...
1858:M 06 Jan 2026 22:47:42.061 * Background saving started by pid 1892
1892:C 06 Jan 2026 22:47:42.073 * DB saved on disk
1892:C 06 Jan 2026 22:47:42.073 * Fork CoW for RDB: current 0 MB, peak 0 MB, average 0 MB
1858:M 06 Jan 2026 22:47:42.162 * Background saving terminated with success
1858:M 06 Jan 2026 22:52:43.092 * 100 changes in 300 seconds. Saving...
1858:M 06 Jan 2026 22:52:43.104 * Background saving started by pid 1893
1893:C 06 Jan 2026 22:52:43.115 * DB saved on disk
1893:C 06 Jan 2026 22:52:43.115 * Fork CoW for RDB: current 0 MB, peak 0 MB, average 0 MB
1858:M 06 Jan 2026 22:52:43.219 * Background saving terminated with success
1858:M 06 Jan 2026 22:57:44.017 * 100 changes in 300 seconds. Saving...
1858:M 06 Jan 2026 22:57:44.029 * Background saving started by pid 1894
1894:C 06 Jan 2026 22:57:44.041 * DB saved on disk
1894:C 06 Jan 2026 22:57:44.041 * Fork CoW for RDB: current 0 MB, peak 0 MB, average 0 MB
1858:M 06 Jan 2026 22:57:44.144 * Background saving terminated with success
1858:M 06 Jan 2026 23:02:45.031 * 100 changes in 300 seconds. Saving...
1858:M 06 Jan 2026 23:02:45.042 * Background saving started by pid 1895
1895:C 06 Jan 2026 23:02:45.051 * DB saved on disk
1895:C 06 Jan 2026 23:02:45.051 * Fork CoW for RDB: current 0 MB, peak 0 MB, average 0 MB
1858:M 06 Jan 2026 23:02:45.143 * Background saving terminated with success
1858:M 06 Jan 2026 23:07:46.066 * 100 changes in 300 seconds. Saving...
1858:M 06 Jan 2026 23:07:46.082 * Background saving started by pid 1896
1896:C 06 Jan 2026 23:07:46.095 * DB saved on disk
1896:C 06 Jan 2026 23:07:46.095 * Fork CoW for RDB: current 0 MB, peak 0 MB, average 0 MB
1858:M 06 Jan 2026 23:07:46.194 * Background saving terminated with success
1858:M 06 Jan 2026 23:12:47.099 * 100 changes in 300 seconds. Saving...
1858:M 06 Jan 2026 23:12:47.113 * Background saving started by pid 1897
1897:C 06 Jan 2026 23:12:47.130 * DB saved on disk
1897:C 06 Jan 2026 23:12:47.130 * Fork CoW for RDB: current 0 MB, peak 0 MB, average 0 MB
1858:M 06 Jan 2026 23:12:47.227 * Background saving terminated with success
1858:M 06 Jan 2026 23:17:48.065 * 100 changes in 300 seconds. Saving...
1858:M 06 Jan 2026 23:17:48.077 * Background saving started by pid 1898
1898:C 06 Jan 2026 23:17:48.086 * DB saved on disk
1898:C 06 Jan 2026 23:17:48.086 * Fork CoW for RDB: current 0 MB, peak 0 MB, average 0 MB
1858:M 06 Jan 2026 23:17:48.190 * Background saving terminated with success
1765:C 06 Jan 2026 23:19:46.075 * oO0OoO0OoO0Oo Redis is starting oO0OoO0OoO0Oo
1765:C 06 Jan 2026 23:19:46.076 * Redis version=8.2.3, bits=64, commit=2e81e005, modified=0, pid=1765, just started
1765:C 06 Jan 2026 23:19:46.076 # Warning: no config file specified, using the default config. In order to specify a config file use /Redis-8.2.3-Windows-x64-cygwin/redis-server /path/to/redis.conf
1765:M 06 Jan 2026 23:19:46.077 # You requested maxclients of 10000 requiring at least 10032 max file descriptors.
1765:M 06 Jan 2026 23:19:46.077 # Server can't set maximum open files to 10032 because of OS error: Operation not permitted.
1765:M 06 Jan 2026 23:19:46.077 # Current maximum open files is 3200. maxclients has been reduced to 3168 to compensate for low ulimit. If you need higher maxclients increase 'ulimit -n'.
1765:M 06 Jan 2026 23:19:46.077 * monotonic clock: POSIX clock_gettime
1765:M 06 Jan 2026 23:19:46.078 * Running mode=standalone, port=6379.
1765:M 06 Jan 2026 23:19:46.081 * Server initialized
1765:M 06 Jan 2026 23:19:46.082 * Loading RDB produced by version 8.2.3
1765:M 06 Jan 2026 23:19:46.082 * RDB age 118 seconds
1765:M 06 Jan 2026 23:19:46.082 * RDB memory usage when created 1.51 Mb
1765:M 06 Jan 2026 23:19:46.087 * Done loading RDB, keys loaded: 1194, keys expired: 0.
1765:M 06 Jan 2026 23:19:46.087 * DB loaded from disk: 0.006 seconds
1765:M 06 Jan 2026 23:19:46.087 * Ready to accept connections tcp
1765:M 06 Jan 2026 23:24:47.071 * 100 changes in 300 seconds. Saving...
1765:M 06 Jan 2026 23:24:47.085 * Background saving started by pid 1766
1766:C 06 Jan 2026 23:24:47.098 * DB saved on disk
1766:C 06 Jan 2026 23:24:47.098 * Fork CoW for RDB: current 0 MB, peak 0 MB, average 0 MB
1765:M 06 Jan 2026 23:24:47.194 * Background saving terminated with success
1765:M 06 Jan 2026 23:29:48.030 * 100 changes in 300 seconds. Saving...
1765:M 06 Jan 2026 23:29:48.042 * Background saving started by pid 1767
1767:C 06 Jan 2026 23:29:48.053 * DB saved on disk
1767:C 06 Jan 2026 23:29:48.054 * Fork CoW for RDB: current 0 MB, peak 0 MB, average 0 MB
1765:M 06 Jan 2026 23:29:48.154 * Background saving terminated with success
1765:M 06 Jan 2026 23:34:49.051 * 100 changes in 300 seconds. Saving...
1765:M 06 Jan 2026 23:34:49.064 * Background saving started by pid 1768
1768:C 06 Jan 2026 23:34:49.082 * DB saved on disk
1768:C 06 Jan 2026 23:34:49.082 * Fork CoW for RDB: current 0 MB, peak 0 MB, average 0 MB
1765:M 06 Jan 2026 23:34:49.177 * Background saving terminated with success
1765:M 06 Jan 2026 23:39:50.017 * 100 changes in 300 seconds. Saving...
1765:M 06 Jan 2026 23:39:50.029 * Background saving started by pid 1769
1769:C 06 Jan 2026 23:39:50.045 * DB saved on disk
1769:C 06 Jan 2026 23:39:50.045 * Fork CoW for RDB: current 0 MB, peak 0 MB, average 0 MB
1765:M 06 Jan 2026 23:39:50.147 * Background saving terminated with success
1765:M 06 Jan 2026 23:44:51.068 * 100 changes in 300 seconds. Saving...
1765:M 06 Jan 2026 23:44:51.081 * Background saving started by pid 1770
1770:C 06 Jan 2026 23:44:51.096 * DB saved on disk
1770:C 06 Jan 2026 23:44:51.096 * Fork CoW for RDB: current 0 MB, peak 0 MB, average 0 MB
1765:M 06 Jan 2026 23:44:51.197 * Background saving terminated with success
1765:M 06 Jan 2026 23:49:52.099 * 100 changes in 300 seconds. Saving...
1765:M 06 Jan 2026 23:49:52.110 * Background saving started by pid 1771
1771:C 06 Jan 2026 23:49:52.123 * DB saved on disk
1771:C 06 Jan 2026 23:49:52.123 * Fork CoW for RDB: current 0 MB, peak 0 MB, average 0 MB
1765:M 06 Jan 2026 23:49:52.211 * Background saving terminated with success
1765:M 06 Jan 2026 23:54:53.081 * 100 changes in 300 seconds. Saving...
1765:M 06 Jan 2026 23:54:53.093 * Background saving started by pid 1772
1772:C 06 Jan 2026 23:54:53.113 * DB saved on disk
1772:C 06 Jan 2026 23:54:53.113 * Fork CoW for RDB: current 0 MB, peak 0 MB, average 0 MB
1765:M 06 Jan 2026 23:54:53.208 * Background saving terminated with success
1765:M 06 Jan 2026 23:59:54.009 * 100 changes in 300 seconds. Saving...
1765:M 06 Jan 2026 23:59:54.023 * Background saving started by pid 1773
1773:C 06 Jan 2026 23:59:54.042 * DB saved on disk
1773:C 06 Jan 2026 23:59:54.042 * Fork CoW for RDB: current 0 MB, peak 0 MB, average 0 MB
1765:M 06 Jan 2026 23:59:54.126 * Background saving terminated with success
246:C 07 Jan 2026 17:42:59.942 * oO0OoO0OoO0Oo Redis is starting oO0OoO0OoO0Oo
246:C 07 Jan 2026 17:42:59.949 * Redis version=8.2.3, bits=64, commit=2e81e005, modified=0, pid=246, just started
246:C 07 Jan 2026 17:42:59.949 # Warning: no config file specified, using the default config. In order to specify a config file use /Redis-8.2.3-Windows-x64-cygwin/redis-server /path/to/redis.conf
246:M 07 Jan 2026 17:42:59.953 # You requested maxclients of 10000 requiring at least 10032 max file descriptors.
246:M 07 Jan 2026 17:42:59.953 # Server can't set maximum open files to 10032 because of OS error: Operation not permitted.
246:M 07 Jan 2026 17:42:59.953 # Current maximum open files is 3200. maxclients has been reduced to 3168 to compensate for low ulimit. If you need higher maxclients increase 'ulimit -n'.
246:M 07 Jan 2026 17:42:59.953 * monotonic clock: POSIX clock_gettime
246:M 07 Jan 2026 17:42:59.964 * Running mode=standalone, port=6379.
246:M 07 Jan 2026 17:42:59.979 * Server initialized
246:M 07 Jan 2026 17:42:59.990 * Loading RDB produced by version 8.2.3
246:M 07 Jan 2026 17:42:59.990 * RDB age 63785 seconds
246:M 07 Jan 2026 17:42:59.990 * RDB memory usage when created 1.57 Mb
246:M 07 Jan 2026 17:43:00.002 * Done loading RDB, keys loaded: 1433, keys expired: 0.
246:M 07 Jan 2026 17:43:00.002 * DB loaded from disk: 0.022 seconds
246:M 07 Jan 2026 17:43:00.002 * Ready to accept connections tcp
246:M 07 Jan 2026 17:48:00.071 * 100 changes in 300 seconds. Saving...
246:M 07 Jan 2026 17:48:00.097 * Background saving started by pid 247
247:C 07 Jan 2026 17:48:00.114 * DB saved on disk
247:C 07 Jan 2026 17:48:00.114 * Fork CoW for RDB: current 0 MB, peak 0 MB, average 0 MB
246:M 07 Jan 2026 17:48:00.201 * Background saving terminated with success
246:M 07 Jan 2026 17:53:01.024 * 100 changes in 300 seconds. Saving...
246:M 07 Jan 2026 17:53:01.040 * Background saving started by pid 248
248:C 07 Jan 2026 17:53:01.092 * DB saved on disk
248:C 07 Jan 2026 17:53:01.093 * Fork CoW for RDB: current 0 MB, peak 0 MB, average 0 MB
246:M 07 Jan 2026 17:53:01.152 * Background saving terminated with success
246:M 07 Jan 2026 17:58:02.040 * 100 changes in 300 seconds. Saving...
246:M 07 Jan 2026 17:58:02.055 * Background saving started by pid 249
249:C 07 Jan 2026 17:58:02.101 * DB saved on disk
249:C 07 Jan 2026 17:58:02.101 * Fork CoW for RDB: current 0 MB, peak 0 MB, average 0 MB
246:M 07 Jan 2026 17:58:02.168 * Background saving terminated with success
246:M 07 Jan 2026 18:03:03.099 * 100 changes in 300 seconds. Saving...
246:M 07 Jan 2026 18:03:03.121 * Background saving started by pid 250
250:C 07 Jan 2026 18:03:03.168 * DB saved on disk
250:C 07 Jan 2026 18:03:03.168 * Fork CoW for RDB: current 0 MB, peak 0 MB, average 0 MB
246:M 07 Jan 2026 18:03:03.226 * Background saving terminated with success
246:M 07 Jan 2026 18:08:04.080 * 100 changes in 300 seconds. Saving...
246:M 07 Jan 2026 18:08:04.096 * Background saving started by pid 251
251:C 07 Jan 2026 18:08:04.155 * DB saved on disk
251:C 07 Jan 2026 18:08:04.155 * Fork CoW for RDB: current 0 MB, peak 0 MB, average 0 MB
246:M 07 Jan 2026 18:08:04.246 * Background saving terminated with success
246:M 07 Jan 2026 18:13:05.011 * 100 changes in 300 seconds. Saving...
246:M 07 Jan 2026 18:13:05.022 * Background saving started by pid 252
252:C 07 Jan 2026 18:13:05.037 * DB saved on disk
252:C 07 Jan 2026 18:13:05.037 * Fork CoW for RDB: current 0 MB, peak 0 MB, average 0 MB
246:M 07 Jan 2026 18:13:05.122 * Background saving terminated with success
246:M 07 Jan 2026 18:18:06.082 * 100 changes in 300 seconds. Saving...
246:M 07 Jan 2026 18:18:06.244 * Background saving started by pid 253
253:C 07 Jan 2026 18:18:06.293 * DB saved on disk
253:C 07 Jan 2026 18:18:06.293 * Fork CoW for RDB: current 0 MB, peak 0 MB, average 0 MB
246:M 07 Jan 2026 18:18:06.356 * Background saving terminated with success
246:M 07 Jan 2026 18:23:07.029 * 100 changes in 300 seconds. Saving...
246:M 07 Jan 2026 18:23:07.043 * Background saving started by pid 254
254:C 07 Jan 2026 18:23:07.062 * DB saved on disk
254:C 07 Jan 2026 18:23:07.062 * Fork CoW for RDB: current 0 MB, peak 0 MB, average 0 MB
246:M 07 Jan 2026 18:23:07.158 * Background saving terminated with success
246:M 07 Jan 2026 18:28:08.088 * 100 changes in 300 seconds. Saving...
246:M 07 Jan 2026 18:28:08.102 * Background saving started by pid 255
255:C 07 Jan 2026 18:28:08.151 * DB saved on disk
255:C 07 Jan 2026 18:28:08.151 * Fork CoW for RDB: current 0 MB, peak 0 MB, average 0 MB
246:M 07 Jan 2026 18:28:08.215 * Background saving terminated with success
246:M 07 Jan 2026 18:33:09.063 * 100 changes in 300 seconds. Saving...
246:M 07 Jan 2026 18:33:09.081 * Background saving started by pid 256
256:C 07 Jan 2026 18:33:09.135 * DB saved on disk
256:C 07 Jan 2026 18:33:09.135 * Fork CoW for RDB: current 0 MB, peak 0 MB, average 0 MB
246:M 07 Jan 2026 18:33:09.191 * Background saving terminated with success
246:M 07 Jan 2026 18:38:10.071 * 100 changes in 300 seconds. Saving...
246:M 07 Jan 2026 18:38:10.083 * Background saving started by pid 257
257:C 07 Jan 2026 18:38:10.108 * DB saved on disk
257:C 07 Jan 2026 18:38:10.108 * Fork CoW for RDB: current 0 MB, peak 0 MB, average 0 MB
246:M 07 Jan 2026 18:38:10.198 * Background saving terminated with success
246:M 07 Jan 2026 18:43:11.049 * 100 changes in 300 seconds. Saving...
246:M 07 Jan 2026 18:43:11.066 * Background saving started by pid 258
258:C 07 Jan 2026 18:43:11.113 * DB saved on disk
258:C 07 Jan 2026 18:43:11.113 * Fork CoW for RDB: current 0 MB, peak 0 MB, average 0 MB
246:M 07 Jan 2026 18:43:11.175 * Background saving terminated with success
246:M 07 Jan 2026 18:48:12.080 * 100 changes in 300 seconds. Saving...
246:M 07 Jan 2026 18:48:12.097 * Background saving started by pid 259
259:C 07 Jan 2026 18:48:12.145 * DB saved on disk
259:C 07 Jan 2026 18:48:12.146 * Fork CoW for RDB: current 0 MB, peak 0 MB, average 0 MB
246:M 07 Jan 2026 18:48:12.207 * Background saving terminated with success
246:M 07 Jan 2026 18:53:13.039 * 100 changes in 300 seconds. Saving...
246:M 07 Jan 2026 18:53:13.052 * Background saving started by pid 260
260:C 07 Jan 2026 18:53:13.100 * DB saved on disk
260:C 07 Jan 2026 18:53:13.100 * Fork CoW for RDB: current 0 MB, peak 0 MB, average 0 MB
246:M 07 Jan 2026 18:53:13.165 * Background saving terminated with success
246:M 07 Jan 2026 18:58:14.052 * 100 changes in 300 seconds. Saving...
246:M 07 Jan 2026 18:58:14.066 * Background saving started by pid 261
261:C 07 Jan 2026 18:58:14.079 * DB saved on disk
261:C 07 Jan 2026 18:58:14.079 * Fork CoW for RDB: current 0 MB, peak 0 MB, average 0 MB
246:M 07 Jan 2026 18:58:14.179 * Background saving terminated with success
246:M 07 Jan 2026 19:03:15.011 * 100 changes in 300 seconds. Saving...
246:M 07 Jan 2026 19:03:15.025 * Background saving started by pid 262
262:C 07 Jan 2026 19:03:15.043 * DB saved on disk
262:C 07 Jan 2026 19:03:15.043 * Fork CoW for RDB: current 0 MB, peak 0 MB, average 0 MB
246:M 07 Jan 2026 19:03:15.140 * Background saving terminated with success
246:M 07 Jan 2026 19:08:16.053 * 100 changes in 300 seconds. Saving...
246:M 07 Jan 2026 19:08:16.067 * Background saving started by pid 263
263:C 07 Jan 2026 19:08:16.125 * DB saved on disk
263:C 07 Jan 2026 19:08:16.125 * Fork CoW for RDB: current 0 MB, peak 0 MB, average 0 MB
246:M 07 Jan 2026 19:08:16.183 * Background saving terminated with success
